uuid=1783863202464 原始行：15/1/49/25/30/23/12/17/47/8/11/16/33/37/24/35/4/3/38/28各200
记录内容：uuid=1783863202464, category=开, parsed_data={'15': 200, '1': 200, '49': 200, '25': 200, '30': 200, '23': 200, '12': 200, '17': 200, '47': 200, '8': 200, '11': 200, '16': 200, '33': 200, '37': 200, '24': 200, '35': 200, '4': 200, '3': 200, '38': 200, '28': 200}
处理成功

uuid=1783863202464 原始行：10，11，19，21，各15。
记录内容：uuid=1783863202464, category=开, parsed_data={'10': 15, '11': 15, '19': 15, '21': 15}

uuid=1783863202464 原始行：杜各10惊（8、20、32、44）
记录内容：uuid=1783863202464, category=惊, parsed_data={'8': 10, '20': 10, '32': 10, '44': 10}

uuid=1783863202464 原始行：22/34各230
记录内容：uuid=1783863202464, category=开, parsed_data={'22': 230, '34': 230}

uuid=1783863202464 原始行：32  34  38各10(开)
记录内容：uuid=1783863202464, category=开, parsed_data={'32': 10, '34': 10, '38': 10}

uuid=1783863202464 原始行：生各5（10、22、34、46）
记录内容：uuid=1783863202464, category=开, parsed_data={'10': 5, '22': 5, '34': 5, '46': 5}

uuid=1783863202464 原始行：杜各5，，惊（8、20、32、44）
记录内容：uuid=1783863202464, category=惊, parsed_data={'8': 5, '20': 5, '32': 5, '44': 5}

uuid=1783863202464 原始行：2  12   22  32   42各15
记录内容：uuid=1783863202464, category=开, parsed_data={'2': 15, '12': 15, '22': 15, '32': 15, '42': 15}

uuid=1783863202464 原始行：生伤各20，，（10、22、34、46、9、21、33、45）
记录内容：uuid=1783863202464, category=开, parsed_data={'10': 20, '22': 20, '34': 20, '46': 20, '9': 20, '21': 20, '33': 20, '45': 20}

uuid=1783863202464 原始行：乾各100（7、19、31、43）
记录内容：uuid=1783863202464, category=开, parsed_data={'7': 100, '19': 100, '31': 100, '43': 100}

uuid=1783863202464 原始行：18/各20，，惊
记录内容：uuid=1783863202464, category=惊, parsed_data={'18': 20}

uuid=1783863202464 原始行：45，44，47，49，各30。
记录内容：uuid=1783863202464, category=开, parsed_data={'45': 30, '44': 30, '47': 30, '49': 30}

uuid=1783863202464 原始行：惊27/16/29各30块。
记录内容：uuid=1783863202464, category=惊, parsed_data={'27': 30, '16': 30, '29': 30}

uuid=1783863202464 原始行：坎各65（6、18、30、42）
记录内容：uuid=1783863202464, category=开, parsed_data={'6': 65, '18': 65, '30': 65, '42': 65}

uuid=1783863202464 原始行：震生兑各15，，（4、16、28、40、10、22、34、46、12、24、36、48）
记录内容：uuid=1783863202464, category=开, parsed_data={'4': 15, '16': 15, '28': 15, '40': 15, '10': 15, '22': 15, '34': 15, '46': 15, '12': 15, '24': 15, '36': 15, '48': 15}

uuid=1783863202464 原始行：22/47各30块。
记录内容：uuid=1783863202464, category=开, parsed_data={'22': 30, '47': 30}

uuid=1783863202464 原始行：杜各25，8号30（8、20、32、44）
记录内容：uuid=1783863202464, category=开, parsed_data={'8': 55, '20': 25, '32': 25, '44': 25}

uuid=1783863202464 原始行：32  34  38各100(开)
记录内容：uuid=1783863202464, category=开, parsed_data={'32': 100, '34': 100, '38': 100}

uuid=1783863202464 原始行：5/29/各5，，
记录内容：uuid=1783863202464, category=开, parsed_data={'5': 5, '29': 5}

uuid=1783863202464 原始行：30，27，31，37，38，各20
记录内容：uuid=1783863202464, category=开, parsed_data={'30': 20, '27': 20, '31': 20, '37': 20, '38': 20}

uuid=1783863202464 原始行：05/41/01/26/15/47/09/48/19/08各5
记录内容：uuid=1783863202464, category=开, parsed_data={'5': 5, '41': 5, '1': 5, '26': 5, '15': 5, '47': 5, '9': 5, '48': 5, '19': 5, '8': 5}

uuid=1783863202464 原始行：杜乾巽各10，，（8、20、32、44、7、19、31、43、3、15、27、39）
记录内容：uuid=1783863202464, category=开, parsed_data={'3': 10, '7': 10, '8': 10, '15': 10, '19': 10, '20': 10, '27': 10, '31': 10, '32': 10, '39': 10, '43': 10, '44': 10}

uuid=1783863202464 原始行：生各50（10、22、34、46）
记录内容：uuid=1783863202464, category=开, parsed_data={'10': 50, '22': 50, '34': 50, '46': 50}

uuid=1783863202464 原始行：离各30（2、14、26、38）
记录内容：uuid=1783863202464, category=开, parsed_data={'2': 30, '14': 30, '26': 30, '38': 30}

uuid=1783863202464 原始行：8/20/44各5。32号10。惊。
记录内容：uuid=1783863202464, category=惊, parsed_data={'8': 5, '20': 5, '44': 5, '32': 10}

uuid=1783863202464 原始行：坎各80     离各50（6、18、30、42；2、14、26、38）
记录内容：uuid=1783863202464, category=开, parsed_data={'6': 80, '18': 80, '30': 80, '42': 80, '2': 50, '14': 50, '26': 50, '38': 50}

uuid=1783863202464 原始行：坎震离各5（6、18、30、42、4、16、28、40、2、14、26、38）
记录内容：uuid=1783863202464, category=开, parsed_data={'2': 5, '4': 5, '6': 5, '14': 5, '16': 5, '18': 5, '26': 5, '28': 5, '30': 5, '38': 5, '40': 5, '42': 5}

uuid=1783863202464 原始行：离巽各30，，（2、14、26、38、3、15、27、39）
记录内容：uuid=1783863202464, category=开, parsed_data={'2': 30, '14': 30, '26': 30, '38': 30, '3': 30, '15': 30, '27': 30, '39': 30}

uuid=1783863202464 原始行：22/34/17/41/各10，，
记录内容：uuid=1783863202464, category=开, parsed_data={'22': 10, '34': 10, '17': 10, '41': 10}

uuid=1783863202464 原始行：惊14/22/18各930。32号100
记录内容：uuid=1783863202464, category=惊, parsed_data={'14': 930, '22': 930, '18': 930, '32': 100}

uuid=1783863202464 原始行：33/45/23/43/31/35/34/42/各5，，
记录内容：uuid=1783863202464, category=开, parsed_data={'33': 5, '45': 5, '23': 5, '43': 5, '31': 5, '35': 5, '34': 5, '42': 5}

uuid=1783863202464 原始行：生休各50（10、22、34、46、11、23、35、47）
记录内容：uuid=1783863202464, category=开, parsed_data={'10': 50, '22': 50, '34': 50, '46': 50, '11': 50, '23': 50, '35': 50, '47': 50}

uuid=1783863202464 原始行：36/34/各15，，
记录内容：uuid=1783863202464, category=开, parsed_data={'36': 15, '34': 15}

uuid=1783863202464 原始行：2  12   22  32   42各40
记录内容：uuid=1783863202464, category=开, parsed_data={'2': 40, '12': 40, '22': 40, '32': 40, '42': 40}

uuid=1783863202464 原始行：杜各20，震各15（8、20、32、44；4、16、28、40）
记录内容：uuid=1783863202464, category=开, parsed_data={'8': 20, '20': 20, '32': 20, '44': 20, '4': 15, '16': 15, '28': 15, '40': 15}

uuid=1783863202464 原始行：33/各30，，
记录内容：uuid=1783863202464, category=开, parsed_data={'33': 30}

uuid=1783863202464 原始行：坎生休各100（6、18、30、42、10、22、34、46、11、23、35、47）
记录内容：uuid=1783863202464, category=开, parsed_data={'6': 100, '18': 100, '30': 100, '42': 100, '10': 100, '22': 100, '34': 100, '46': 100, '11': 100, '23': 100, '35': 100, '47': 100}

uuid=1783863202464 原始行：19/42/6/29/40/4/2/14/38/49/25/24/48/47/22/10/44/各5，，
记录内容：uuid=1783863202464, category=开, parsed_data={'19': 5, '42': 5, '6': 5, '29': 5, '40': 5, '4': 5, '2': 5, '14': 5, '38': 5, '49': 5, '25': 5, '24': 5, '48': 5, '47': 5, '22': 5, '10': 5, '44': 5}

uuid=1783863202464 原始行：32/45/7/34/23/11/31/12/19/40/22/5/4/21/28/35/10/41/43/42/44/16/47/各5，，
记录内容：uuid=1783863202464, category=开, parsed_data={'32': 5, '45': 5, '7': 5, '34': 5, '23': 5, '11': 5, '31': 5, '12': 5, '19': 5, '40': 5, '22': 5, '5': 5, '4': 5, '21': 5, '28': 5, '35': 5, '10': 5, '41': 5, '43': 5, '42': 5, '44': 5, '16': 5, '47': 5}

uuid=1783863202464 原始行：休伤离坎各5，，（11、23、35、47、9、21、33、45、2、14、26、38、6、18、30、42）
记录内容：uuid=1783863202464, category=开, parsed_data={'2': 5, '6': 5, '9': 5, '11': 5, '14': 5, '18': 5, '21': 5, '23': 5, '26': 5, '30': 5, '33': 5, '35': 5, '38': 5, '42': 5, '45': 5, '47': 5}

uuid=1783863202464 原始行：31/43/49/38/各50
记录内容：uuid=1783863202464, category=开, parsed_data={'31': 50, '43': 50, '49': 50, '38': 50}

uuid=1783863202464 原始行：10/46/各25，，
记录内容：uuid=1783863202464, category=开, parsed_data={'10': 25, '46': 25}

uuid=1783863202464 原始行：40/41/42/43/44/45/46/47/48/39各 25
记录内容：uuid=1783863202464, category=开, parsed_data={'39': 25, '40': 25, '41': 25, '42': 25, '43': 25, '44': 25, '45': 25, '46': 25, '47': 25, '48': 25}

uuid=1783863202464 原始行：伤兑杜离各5（9、21、33、45、8、20、32、44、2、14、26、38、12、24、36、48）
记录内容：uuid=1783863202464, category=开, parsed_data={'9': 5, '21': 5, '33': 5, '45': 5, '12': 5, '24': 5, '36': 5, '48': 5, '8': 5, '20': 5, '32': 5, '44': 5, '2': 5, '14': 5, '26': 5, '38': 5}

uuid=1783863202464 原始行：1/2/3/4/5/6/7/8/9/10/11/12/38/39/40/41/42/43/44/45/46/47/48/49/各10开
记录内容：uuid=1783863202464, category=开, parsed_data={'1': 10, '2': 10, '3': 10, '4': 10, '5': 10, '6': 10, '7': 10, '8': 10, '9': 10, '10': 10, '11': 10, '12': 10, '38': 10, '39': 10, '40': 10, '41': 10, '42': 10, '43': 10, '44': 10, '45': 10, '46': 10, '47': 10, '48': 10, '49': 10}

uuid=1783863202464 原始行：24/46/26/12/10/45/24/各10，，
记录内容：uuid=1783863202464, category=开, parsed_data={'24': 20, '46': 10, '26': 10, '12': 10, '10': 10, '45': 10}

uuid=1783863202464 原始行：22/2/14/38/48/7/19/31/43/9/21/33/各5，，
记录内容：uuid=1783863202464, category=开, parsed_data={'22': 5, '2': 5, '14': 5, '38': 5, '48': 5, '7': 5, '19': 5, '31': 5, '43': 5, '9': 5, '21': 5, '33': 5}

uuid=1783863202464 原始行：坎坤兑伤生杜各10，，（6/18/30/42/1/13/25/37/49/12/24/36/48/9/21/33/45/10/22/34/46/8/20/32/44）
记录内容：uuid=1783863202464, category=开, parsed_data={'1': 10, '6': 10, '8': 10, '9': 10, '10': 10, '12': 10, '13': 10, '18': 10, '20': 10, '21': 10, '22': 10, '24': 10, '25': 10, '30': 10, '32': 10, '33': 10, '34': 10, '36': 10, '37': 10, '42': 10, '44': 10, '45': 10, '46': 10, '48': 10, '49': 10}

uuid=1783863202464 原始行：伤离休杜坤生各15，，（/9/21/33/45/2/14/26/38/11/23/35/47/8/20/32/44/1/13/25/37/49/10/22/34/46/）
记录内容：uuid=1783863202464, category=开, parsed_data={'1': 15, '2': 15, '8': 15, '9': 15, '10': 15, '11': 15, '13': 15, '14': 15, '20': 15, '21': 15, '22': 15, '23': 15, '25': 15, '26': 15, '32': 15, '33': 15, '34': 15, '35': 15, '37': 15, '38': 15, '44': 15, '45': 15, '46': 15, '47': 15, '49': 15}

uuid=1783863202464 原始行：阴各20，，
记录内容：uuid=1783863202464, category=开, parsed_data={'2': 20, '4': 20, '6': 20, '8': 20, '10': 20, '12': 20, '14': 20, '16': 20, '18': 20, '20': 20, '22': 20, '24': 20, '26': 20, '28': 20, '30': 20, '32': 20, '34': 20, '36': 20, '38': 20, '40': 20, '42': 20, '44': 20, '46': 20, '48': 20}

uuid=1783863202464 原始行：巽坤兑震生离各5（/3/15/27/39/1/13/25/37/49/12/24/36/48/4/16/28/40/10/22/34/46/2/14/26/38/）
记录内容：uuid=1783863202464, category=开, parsed_data={'1': 5, '2': 5, '3': 5, '4': 5, '10': 5, '12': 5, '13': 5, '14': 5, '15': 5, '16': 5, '22': 5, '24': 5, '25': 5, '26': 5, '27': 5, '28': 5, '34': 5, '36': 5, '37': 5, '38': 5, '39': 5, '40': 5, '46': 5, '48': 5, '49': 5}

uuid=1783863202464 原始行：震巽离坤兑休各20（/4/16/28/40/3/15/27/39/2/14/26/38/1/13/25/37/49/12/24/36/48/11/23/35/47/）
记录内容：uuid=1783863202464, category=开, parsed_data={'1': 20, '2': 20, '3': 20, '4': 20, '11': 20, '12': 20, '13': 20, '14': 20, '15': 20, '16': 20, '23': 20, '24': 20, '25': 20, '26': 20, '27': 20, '28': 20, '35': 20, '36': 20, '37': 20, '38': 20, '39': 20, '40': 20, '47': 20, '48': 20, '49': 20}

uuid=1783863202464 原始行：4/14/24/34/44/7/17/27/37/47/6/42/26/38/17/7/各5，，
记录内容：uuid=1783863202464, category=开, parsed_data={'4': 5, '6': 5, '7': 10, '14': 5, '17': 10, '24': 5, '26': 5, '27': 5, '34': 5, '37': 5, '38': 5, '42': 5, '44': 5, '47': 5}

uuid=1783863202464 原始行：5#25/   17   29   41各5(开)
记录内容：uuid=1783863202464, category=开, parsed_data={'5': 25, '17': 5, '29': 5, '41': 5}

uuid=1783863202464 原始行：32/31/43/35/47/33/45/32/各5，，惊
记录内容：uuid=1783863202464, category=惊, parsed_data={'32': 10, '31': 5, '43': 5, '35': 5, '47': 5, '33': 5, '45': 5}

uuid=1783863202464 原始行：37/40 47/50 49/30 杜各100 坎各60 坤各30 生各130 伤各50（/37/40 47/50 49/30 /8/20/32/44/各100 /6/18/30/42/各60 /1/13/25/37/49/各30 /10/22/34/46/各130 /9/21/33/45/各50）
记录内容：uuid=1783863202464, category=开, parsed_data={'1': 30, '6': 60, '8': 100, '9': 50, '10': 130, '13': 30, '18': 60, '20': 100, '21': 50, '22': 130, '25': 30, '30': 60, '32': 100, '33': 50, '34': 130, '37': 70, '42': 60, '44': 100, '45': 50, '46': 130, '47': 50, '49': 60}

uuid=1783863202464 原始行：离巽各十14/39/26/38/各二十09/19/39/49/03/02/24/36/48/各十（/2/14/26/38/3/15/27/39/各十 14/39/26/38/各二十 9/19/39/49/3/2/24/36/48/各十）
记录内容：uuid=1783863202464, category=开, parsed_data={'2': 20, '3': 20, '9': 10, '14': 30, '15': 10, '19': 10, '24': 10, '26': 30, '27': 10, '36': 10, '38': 30, '39': 40, '48': 10, '49': 10}

uuid=1783863202464 原始行：乾坤生离艮坎各号码30    38/31/37/各40 （/7/19/31/43/1/13/25/37/49/10/22/34/46/2/14/26/38/5/17/29/41/6/18/30/42/各号码30    38/31/37/各40）
记录内容：uuid=1783863202464, category=开, parsed_data={'1': 30, '2': 30, '5': 30, '6': 30, '7': 30, '10': 30, '13': 30, '14': 30, '17': 30, '18': 30, '19': 30, '22': 30, '25': 30, '26': 30, '29': 30, '30': 30, '31': 70, '34': 30, '37': 70, '38': 70, '41': 30, '42': 30, '43': 30, '46': 30, '49': 30}

uuid=1783863202464 原始行：离各二十14/02/09/25/37/49/12/24/36/48/19/39/44/14/各十 （/2/14/26/38/各二十 14/2/9/25/37/49/12/24/36/48/19/39/44/14/各十）
记录内容：uuid=1783863202464, category=开, parsed_data={'2': 30, '9': 10, '12': 10, '14': 40, '19': 10, '24': 10, '25': 10, '26': 20, '36': 10, '37': 10, '38': 20, '39': 10, '44': 10, '48': 10, '49': 10}

uuid=1783863202464 原始行：1#50/  16   27各10(惊)
记录内容：uuid=1783863202464, category=惊, parsed_data={'1': 50, '16': 10, '27': 10}

uuid=1783863202464 原始行：兑伤坤休各十24/36/48/09/45/33/23/35/47/35/45/各十惊（/12/24/36/48/9/21/33/45/1/13/25/37/49/11/23/35/47/各十 24/36/48/9/45/33/23/35/47/35/45/各十）
记录内容：uuid=1783863202464, category=惊, parsed_data={'1': 10, '9': 20, '11': 10, '12': 10, '13': 10, '21': 10, '23': 20, '24': 20, '25': 10, '33': 20, '35': 30, '36': 20, '37': 10, '45': 30, '47': 20, '48': 20, '49': 10}

uuid=1783863202464 原始行：1#250/  16   27/29各25(惊)
记录内容：uuid=1783863202464, category=惊, parsed_data={'1': 250, '16': 25, '27': 25, '29': 25}